# serializer version: 1
# name: test_get_current_conditions
  dict({
    'ApparentTemperature': dict({
      'Imperial': dict({
        'Unit': 'F',
        'UnitType': 18,
        'Value': 62,
      }),
      'Metric': dict({
        'Unit': 'C',
        'UnitType': 17,
        'Value': 16.7,
      }),
    }),
    'Ceiling': dict({
      'Imperial': dict({
        'Unit': 'ft',
        'UnitType': 0,
        'Value': 1400,
      }),
      'Metric': dict({
        'Unit': 'm',
        'UnitType': 5,
        'Value': 427,
      }),
    }),
    'CloudCover': 96,
    'DewPoint': dict({
      'Imperial': dict({
        'Unit': 'F',
        'UnitType': 18,
        'Value': 52,
      }),
      'Metric': dict({
        'Unit': 'C',
        'UnitType': 17,
        'Value': 11.1,
      }),
    }),
    'HasPrecipitation': False,
    'IndoorRelativeHumidity': 56,
    'ObstructionsToVisibility': '',
    'Past24HourTemperatureDeparture': dict({
      'Imperial': dict({
        'Unit': 'F',
        'UnitType': 18,
        'Value': -12,
      }),
      'Metric': dict({
        'Unit': 'C',
        'UnitType': 17,
        'Value': -6.7,
      }),
    }),
    'Precip1hr': dict({
      'Imperial': dict({
        'Unit': 'in',
        'UnitType': 1,
        'Value': 0.04,
      }),
      'Metric': dict({
        'Unit': 'mm',
        'UnitType': 3,
        'Value': 1.1,
      }),
    }),
    'PrecipitationSummary': dict({
      'Past12Hours': dict({
        'Imperial': dict({
          'Unit': 'in',
          'UnitType': 1,
          'Value': 0.28,
        }),
        'Metric': dict({
          'Unit': 'mm',
          'UnitType': 3,
          'Value': 7.2,
        }),
      }),
      'Past18Hours': dict({
        'Imperial': dict({
          'Unit': 'in',
          'UnitType': 1,
          'Value': 0.28,
        }),
        'Metric': dict({
          'Unit': 'mm',
          'UnitType': 3,
          'Value': 7.2,
        }),
      }),
      'Past24Hours': dict({
        'Imperial': dict({
          'Unit': 'in',
          'UnitType': 1,
          'Value': 0.28,
        }),
        'Metric': dict({
          'Unit': 'mm',
          'UnitType': 3,
          'Value': 7.2,
        }),
      }),
      'Past3Hours': dict({
        'Imperial': dict({
          'Unit': 'in',
          'UnitType': 1,
          'Value': 0.04,
        }),
        'Metric': dict({
          'Unit': 'mm',
          'UnitType': 3,
          'Value': 1.1,
        }),
      }),
      'Past6Hours': dict({
        'Imperial': dict({
          'Unit': 'in',
          'UnitType': 1,
          'Value': 0.21,
        }),
        'Metric': dict({
          'Unit': 'mm',
          'UnitType': 3,
          'Value': 5.3,
        }),
      }),
      'Past9Hours': dict({
        'Imperial': dict({
          'Unit': 'in',
          'UnitType': 1,
          'Value': 0.21,
        }),
        'Metric': dict({
          'Unit': 'mm',
          'UnitType': 3,
          'Value': 5.3,
        }),
      }),
      'PastHour': dict({
        'Imperial': dict({
          'Unit': 'in',
          'UnitType': 1,
          'Value': 0.04,
        }),
        'Metric': dict({
          'Unit': 'mm',
          'UnitType': 3,
          'Value': 1.1,
        }),
      }),
      'Precipitation': dict({
        'Imperial': dict({
          'Unit': 'in',
          'UnitType': 1,
          'Value': 0.04,
        }),
        'Metric': dict({
          'Unit': 'mm',
          'UnitType': 3,
          'Value': 1.1,
        }),
      }),
    }),
    'PrecipitationType': None,
    'Pressure': dict({
      'Imperial': dict({
        'Unit': 'inHg',
        'UnitType': 12,
        'Value': 29.74,
      }),
      'Metric': dict({
        'Unit': 'mb',
        'UnitType': 14,
        'Value': 1007,
      }),
    }),
    'PressureTendency': dict({
      'Code': 'S',
      'LocalizedText': 'steady',
    }),
    'RealFeelTemperature': dict({
      'Imperial': dict({
        'Phrase': 'Chilly',
        'Unit': 'F',
        'UnitType': 18,
        'Value': 51,
      }),
      'Metric': dict({
        'Phrase': 'Cool',
        'Unit': 'C',
        'UnitType': 17,
        'Value': 10.5,
      }),
    }),
    'RealFeelTemperatureShade': dict({
      'Imperial': dict({
        'Phrase': 'Chilly',
        'Unit': 'F',
        'UnitType': 18,
        'Value': 49,
      }),
      'Metric': dict({
        'Phrase': 'Chilly',
        'Unit': 'C',
        'UnitType': 17,
        'Value': 9.2,
      }),
    }),
    'RelativeHumidity': 86,
    'Temperature': dict({
      'Imperial': dict({
        'Unit': 'F',
        'UnitType': 18,
        'Value': 56,
      }),
      'Metric': dict({
        'Unit': 'C',
        'UnitType': 17,
        'Value': 13.4,
      }),
    }),
    'UVIndex': 2,
    'UVIndexText': 'low',
    'Visibility': dict({
      'Imperial': dict({
        'Unit': 'mi',
        'UnitType': 2,
        'Value': 6,
      }),
      'Metric': dict({
        'Unit': 'km',
        'UnitType': 6,
        'Value': 9.7,
      }),
    }),
    'WeatherIcon': 7,
    'WeatherText': 'Cloudy',
    'WetBulbTemperature': dict({
      'Imperial': dict({
        'Unit': 'F',
        'UnitType': 18,
        'Value': 54,
      }),
      'Metric': dict({
        'Unit': 'C',
        'UnitType': 17,
        'Value': 12.1,
      }),
    }),
    'Wind': dict({
      'Direction': dict({
        'Degrees': 90,
        'English': 'E',
        'Localized': 'E',
      }),
      'Speed': dict({
        'Imperial': dict({
          'Unit': 'mi/h',
          'UnitType': 9,
          'Value': 9.8,
        }),
        'Metric': dict({
          'Unit': 'km/h',
          'UnitType': 7,
          'Value': 15.8,
        }),
      }),
    }),
    'WindChillTemperature': dict({
      'Imperial': dict({
        'Unit': 'F',
        'UnitType': 18,
        'Value': 56,
      }),
      'Metric': dict({
        'Unit': 'C',
        'UnitType': 17,
        'Value': 13.3,
      }),
    }),
    'WindGust': dict({
      'Speed': dict({
        'Imperial': dict({
          'Unit': 'mi/h',
          'UnitType': 9,
          'Value': 15.1,
        }),
        'Metric': dict({
          'Unit': 'km/h',
          'UnitType': 7,
          'Value': 24.3,
        }),
      }),
    }),
  })
# ---
# name: test_get_daily_forecast
  list([
    dict({
      'AirQuality': dict({
        'Category': 'unhealthy',
        'CategoryValue': 1,
        'Type': 'Ozone',
        'Value': 0,
      }),
      'CloudCoverDay': 93,
      'CloudCoverNight': 70,
      'Date': '2023-05-15T07:00:00+02:00',
      'DegreeDaySummary': dict({
        'Cooling': dict({
          'Unit': 'C',
          'UnitType': 17,
          'Value': 0,
        }),
        'Heating': dict({
          'Unit': 'C',
          'UnitType': 17,
          'Value': 5,
        }),
      }),
      'EpochDate': 1684126800,
      'EvapotranspirationDay': dict({
        'Unit': 'mm',
        'UnitType': 3,
        'Value': 1.5,
      }),
      'EvapotranspirationNight': dict({
        'Unit': 'mm',
        'UnitType': 3,
        'Value': 0.3,
      }),
      'Grass': dict({
        'Category': 'moderate',
        'CategoryValue': 2,
        'Value': 9,
      }),
      'HasPrecipitationDay': True,
      'HasPrecipitationNight': True,
      'HoursOfIceDay': 0,
      'HoursOfIceNight': 0,
      'HoursOfPrecipitationDay': 4,
      'HoursOfPrecipitationNight': 1,
      'HoursOfRainDay': 4,
      'HoursOfRainNight': 1,
      'HoursOfSnowDay': 0,
      'HoursOfSnowNight': 0,
      'HoursOfSun': 1.6,
      'IceDay': dict({
        'Unit': 'mm',
        'UnitType': 3,
        'Value': 0,
      }),
      'IceNight': dict({
        'Unit': 'mm',
        'UnitType': 3,
        'Value': 0,
      }),
      'IceProbabilityDay': 0,
      'IceProbabilityNight': 0,
      'IconDay': 18,
      'IconNight': 40,
      'IconPhraseDay': 'rain',
      'IconPhraseNight': 'mostly cloudy w/ showers',
      'LongPhraseDay': 'Cooler with periods of rain',
      'LongPhraseNight': 'Partly cloudy this evening with a couple of showers followed by low clouds late',
      'Mold': dict({
        'Category': 'low',
        'CategoryValue': 1,
        'Value': 0,
      }),
      'PrecipitationIntensityDay': 'light',
      'PrecipitationIntensityNight': 'light',
      'PrecipitationProbabilityDay': 91,
      'PrecipitationProbabilityNight': 67,
      'PrecipitationTypeDay': 'rain',
      'PrecipitationTypeNight': 'rain',
      'Ragweed': dict({
        'Category': 'low',
        'CategoryValue': 1,
        'Value': 0,
      }),
      'RainDay': dict({
        'Unit': 'mm',
        'UnitType': 3,
        'Value': 9.2,
      }),
      'RainNight': dict({
        'Unit': 'mm',
        'UnitType': 3,
        'Value': 1.9,
      }),
      'RainProbabilityDay': 91,
      'RainProbabilityNight': 67,
      'RealFeelTemperatureMax': dict({
        'Phrase': 'Cool',
        'Unit': 'C',
        'UnitType': 17,
        'Value': 14.2,
      }),
      'RealFeelTemperatureMin': dict({
        'Phrase': 'Chilly',
        'Unit': 'C',
        'UnitType': 17,
        'Value': 6.8,
      }),
      'RealFeelTemperatureShadeMax': dict({
        'Phrase': 'Cool',
        'Unit': 'C',
        'UnitType': 17,
        'Value': 13.2,
      }),
      'RealFeelTemperatureShadeMin': dict({
        'Phrase': 'Chilly',
        'Unit': 'C',
        'UnitType': 17,
        'Value': 6.8,
      }),
      'ShortPhraseDay': 'Cooler with periods of rain',
      'ShortPhraseNight': 'A couple of evening showers',
      'SnowDay': dict({
        'Unit': 'cm',
        'UnitType': 4,
        'Value': 0,
      }),
      'SnowNight': dict({
        'Unit': 'cm',
        'UnitType': 4,
        'Value': 0,
      }),
      'SnowProbabilityDay': 0,
      'SnowProbabilityNight': 0,
      'SolarIrradianceDay': dict({
        'Unit': 'W/m²',
        'UnitType': 33,
        'Value': 1704.3,
      }),
      'SolarIrradianceNight': dict({
        'Unit': 'W/m²',
        'UnitType': 33,
        'Value': 186,
      }),
      'TemperatureMax': dict({
        'Unit': 'C',
        'UnitType': 17,
        'Value': 16.2,
      }),
      'TemperatureMin': dict({
        'Unit': 'C',
        'UnitType': 17,
        'Value': 10.1,
      }),
      'ThunderstormProbabilityDay': 15,
      'ThunderstormProbabilityNight': 13,
      'TotalLiquidDay': dict({
        'Unit': 'mm',
        'UnitType': 3,
        'Value': 9.2,
      }),
      'TotalLiquidNight': dict({
        'Unit': 'mm',
        'UnitType': 3,
        'Value': 1.9,
      }),
      'Tree': dict({
        'Category': 'low',
        'CategoryValue': 1,
        'Value': 4,
      }),
      'UVIndex': dict({
        'Category': 'low',
        'CategoryValue': 1,
        'Value': 2,
      }),
      'WindDay': dict({
        'Direction': dict({
          'Degrees': 142,
          'English': 'SE',
          'Localized': 'SE',
        }),
        'Speed': dict({
          'Unit': 'km/h',
          'UnitType': 7,
          'Value': 16.7,
        }),
      }),
      'WindGustDay': dict({
        'Direction': dict({
          'Degrees': 186,
          'English': 'S',
          'Localized': 'S',
        }),
        'Speed': dict({
          'Unit': 'km/h',
          'UnitType': 7,
          'Value': 35.2,
        }),
      }),
      'WindGustNight': dict({
        'Direction': dict({
          'Degrees': 211,
          'English': 'SSW',
          'Localized': 'SSW',
        }),
        'Speed': dict({
          'Unit': 'km/h',
          'UnitType': 7,
          'Value': 33.3,
        }),
      }),
      'WindNight': dict({
        'Direction': dict({
          'Degrees': 223,
          'English': 'SW',
          'Localized': 'SW',
        }),
        'Speed': dict({
          'Unit': 'km/h',
          'UnitType': 7,
          'Value': 20.4,
        }),
      }),
    }),
    dict({
      'AirQuality': dict({
        'Category': 'good',
        'CategoryValue': 1,
        'Type': 'Ozone',
        'Value': 0,
      }),
      'CloudCoverDay': 93,
      'CloudCoverNight': 94,
      'Date': '2023-05-16T07:00:00+02:00',
      'DegreeDaySummary': dict({
        'Cooling': dict({
          'Unit': 'C',
          'UnitType': 17,
          'Value': 0,
        }),
        'Heating': dict({
          'Unit': 'C',
          'UnitType': 17,
          'Value': 2,
        }),
      }),
      'EpochDate': 1684213200,
      'EvapotranspirationDay': dict({
        'Unit': 'mm',
        'UnitType': 3,
        'Value': 2.3,
      }),
      'EvapotranspirationNight': dict({
        'Unit': 'mm',
        'UnitType': 3,
        'Value': 0.3,
      }),
      'Grass': dict({
        'Category': 'moderate',
        'CategoryValue': 2,
        'Value': 11,
      }),
      'HasPrecipitationDay': False,
      'HasPrecipitationNight': False,
      'HoursOfIceDay': 0,
      'HoursOfIceNight': 0,
      'HoursOfPrecipitationDay': 0,
      'HoursOfPrecipitationNight': 0,
      'HoursOfRainDay': 0,
      'HoursOfRainNight': 0,
      'HoursOfSnowDay': 0,
      'HoursOfSnowNight': 0,
      'HoursOfSun': 1.7,
      'IceDay': dict({
        'Unit': 'mm',
        'UnitType': 3,
        'Value': 0,
      }),
      'IceNight': dict({
        'Unit': 'mm',
        'UnitType': 3,
        'Value': 0,
      }),
      'IceProbabilityDay': 0,
      'IceProbabilityNight': 0,
      'IconDay': 6,
      'IconNight': 38,
      'IconPhraseDay': 'mostly cloudy',
      'IconPhraseNight': 'mostly cloudy',
      'LongPhraseDay': 'Mostly cloudy and milder',
      'LongPhraseNight': 'Mostly cloudy',
      'Mold': dict({
        'Category': 'low',
        'CategoryValue': 1,
        'Value': 0,
      }),
      'PrecipitationProbabilityDay': 5,
      'PrecipitationProbabilityNight': 25,
      'Ragweed': dict({
        'Category': 'low',
        'CategoryValue': 1,
        'Value': 0,
      }),
      'RainDay': dict({
        'Unit': 'mm',
        'UnitType': 3,
        'Value': 0,
      }),
      'RainNight': dict({
        'Unit': 'mm',
        'UnitType': 3,
        'Value': 0,
      }),
      'RainProbabilityDay': 5,
      'RainProbabilityNight': 25,
      'RealFeelTemperatureMax': dict({
        'Phrase': 'Pleasant',
        'Unit': 'C',
        'UnitType': 17,
        'Value': 20.9,
      }),
      'RealFeelTemperatureMin': dict({
        'Phrase': 'Chilly',
        'Unit': 'C',
        'UnitType': 17,
        'Value': 8.8,
      }),
      'RealFeelTemperatureShadeMax': dict({
        'Phrase': 'Pleasant',
        'Unit': 'C',
        'UnitType': 17,
        'Value': 19.4,
      }),
      'RealFeelTemperatureShadeMin': dict({
        'Phrase': 'Chilly',
        'Unit': 'C',
        'UnitType': 17,
        'Value': 8.8,
      }),
      'ShortPhraseDay': 'Mostly cloudy and milder',
      'ShortPhraseNight': 'Mostly cloudy',
      'SnowDay': dict({
        'Unit': 'cm',
        'UnitType': 4,
        'Value': 0,
      }),
      'SnowNight': dict({
        'Unit': 'cm',
        'UnitType': 4,
        'Value': 0,
      }),
      'SnowProbabilityDay': 0,
      'SnowProbabilityNight': 0,
      'SolarIrradianceDay': dict({
        'Unit': 'W/m²',
        'UnitType': 33,
        'Value': 1928.7,
      }),
      'SolarIrradianceNight': dict({
        'Unit': 'W/m²',
        'UnitType': 33,
        'Value': 119.9,
      }),
      'TemperatureMax': dict({
        'Unit': 'C',
        'UnitType': 17,
        'Value': 20.8,
      }),
      'TemperatureMin': dict({
        'Unit': 'C',
        'UnitType': 17,
        'Value': 10.7,
      }),
      'ThunderstormProbabilityDay': 0,
      'ThunderstormProbabilityNight': 0,
      'TotalLiquidDay': dict({
        'Unit': 'mm',
        'UnitType': 3,
        'Value': 0,
      }),
      'TotalLiquidNight': dict({
        'Unit': 'mm',
        'UnitType': 3,
        'Value': 0,
      }),
      'Tree': dict({
        'Category': 'low',
        'CategoryValue': 1,
        'Value': 2,
      }),
      'UVIndex': dict({
        'Category': 'low',
        'CategoryValue': 1,
        'Value': 2,
      }),
      'WindDay': dict({
        'Direction': dict({
          'Degrees': 270,
          'English': 'W',
          'Localized': 'W',
        }),
        'Speed': dict({
          'Unit': 'km/h',
          'UnitType': 7,
          'Value': 14.8,
        }),
      }),
      'WindGustDay': dict({
        'Direction': dict({
          'Degrees': 261,
          'English': 'W',
          'Localized': 'W',
        }),
        'Speed': dict({
          'Unit': 'km/h',
          'UnitType': 7,
          'Value': 35.2,
        }),
      }),
      'WindGustNight': dict({
        'Direction': dict({
          'Degrees': 339,
          'English': 'NNW',
          'Localized': 'NNW',
        }),
        'Speed': dict({
          'Unit': 'km/h',
          'UnitType': 7,
          'Value': 31.5,
        }),
      }),
      'WindNight': dict({
        'Direction': dict({
          'Degrees': 329,
          'English': 'NNW',
          'Localized': 'NNW',
        }),
        'Speed': dict({
          'Unit': 'km/h',
          'UnitType': 7,
          'Value': 13,
        }),
      }),
    }),
    dict({
      'AirQuality': dict({
        'Category': 'good',
        'CategoryValue': 1,
        'Type': 'Ozone',
        'Value': 0,
      }),
      'CloudCoverDay': 94,
      'CloudCoverNight': 100,
      'Date': '2023-05-17T07:00:00+02:00',
      'DegreeDaySummary': dict({
        'Cooling': dict({
          'Unit': 'C',
          'UnitType': 17,
          'Value': 0,
        }),
        'Heating': dict({
          'Unit': 'C',
          'UnitType': 17,
          'Value': 9,
        }),
      }),
      'EpochDate': 1684299600,
      'EvapotranspirationDay': dict({
        'Unit': 'mm',
        'UnitType': 3,
        'Value': 1.5,
      }),
      'EvapotranspirationNight': dict({
        'Unit': 'mm',
        'UnitType': 3,
        'Value': 0.3,
      }),
      'Grass': dict({
        'Category': 'moderate',
        'CategoryValue': 2,
        'Value': 5,
      }),
      'HasPrecipitationDay': True,
      'HasPrecipitationNight': False,
      'HoursOfIceDay': 0,
      'HoursOfIceNight': 0,
      'HoursOfPrecipitationDay': 1.5,
      'HoursOfPrecipitationNight': 0,
      'HoursOfRainDay': 1.5,
      'HoursOfRainNight': 0,
      'HoursOfSnowDay': 0,
      'HoursOfSnowNight': 0,
      'HoursOfSun': 1.5,
      'IceDay': dict({
        'Unit': 'mm',
        'UnitType': 3,
        'Value': 0,
      }),
      'IceNight': dict({
        'Unit': 'mm',
        'UnitType': 3,
        'Value': 0,
      }),
      'IceProbabilityDay': 0,
      'IceProbabilityNight': 0,
      'IconDay': 12,
      'IconNight': 35,
      'IconPhraseDay': 'showers',
      'IconPhraseNight': 'partly cloudy',
      'LongPhraseDay': 'Mostly cloudy and cooler with a shower',
      'LongPhraseNight': 'Partly cloudy and chilly',
      'Mold': dict({
        'Category': 'low',
        'CategoryValue': 1,
        'Value': 0,
      }),
      'PrecipitationIntensityDay': 'light',
      'PrecipitationProbabilityDay': 81,
      'PrecipitationProbabilityNight': 0,
      'PrecipitationTypeDay': 'rain',
      'Ragweed': dict({
        'Category': 'low',
        'CategoryValue': 1,
        'Value': 0,
      }),
      'RainDay': dict({
        'Unit': 'mm',
        'UnitType': 3,
        'Value': 2.6,
      }),
      'RainNight': dict({
        'Unit': 'mm',
        'UnitType': 3,
        'Value': 0,
      }),
      'RainProbabilityDay': 81,
      'RainProbabilityNight': 0,
      'RealFeelTemperatureMax': dict({
        'Phrase': 'Cool',
        'Unit': 'C',
        'UnitType': 17,
        'Value': 11.6,
      }),
      'RealFeelTemperatureMin': dict({
        'Phrase': 'Cold',
        'Unit': 'C',
        'UnitType': 17,
        'Value': 3.2,
      }),
      'RealFeelTemperatureShadeMax': dict({
        'Phrase': 'Cool',
        'Unit': 'C',
        'UnitType': 17,
        'Value': 10.6,
      }),
      'RealFeelTemperatureShadeMin': dict({
        'Phrase': 'Cold',
        'Unit': 'C',
        'UnitType': 17,
        'Value': 3.2,
      }),
      'ShortPhraseDay': 'Cooler with a shower',
      'ShortPhraseNight': 'Partly cloudy and chilly',
      'SnowDay': dict({
        'Unit': 'cm',
        'UnitType': 4,
        'Value': 0,
      }),
      'SnowNight': dict({
        'Unit': 'cm',
        'UnitType': 4,
        'Value': 0,
      }),
      'SnowProbabilityDay': 0,
      'SnowProbabilityNight': 0,
      'SolarIrradianceDay': dict({
        'Unit': 'W/m²',
        'UnitType': 33,
        'Value': 1891.3,
      }),
      'SolarIrradianceNight': dict({
        'Unit': 'W/m²',
        'UnitType': 33,
        'Value': 26.5,
      }),
      'TemperatureMax': dict({
        'Unit': 'C',
        'UnitType': 17,
        'Value': 13.6,
      }),
      'TemperatureMin': dict({
        'Unit': 'C',
        'UnitType': 17,
        'Value': 5.1,
      }),
      'ThunderstormProbabilityDay': 16,
      'ThunderstormProbabilityNight': 0,
      'TotalLiquidDay': dict({
        'Unit': 'mm',
        'UnitType': 3,
        'Value': 2.6,
      }),
      'TotalLiquidNight': dict({
        'Unit': 'mm',
        'UnitType': 3,
        'Value': 0,
      }),
      'Tree': dict({
        'Category': 'low',
        'CategoryValue': 1,
        'Value': 10,
      }),
      'UVIndex': dict({
        'Category': 'low',
        'CategoryValue': 1,
        'Value': 2,
      }),
      'WindDay': dict({
        'Direction': dict({
          'Degrees': 331,
          'English': 'NNW',
          'Localized': 'NNW',
        }),
        'Speed': dict({
          'Unit': 'km/h',
          'UnitType': 7,
          'Value': 14.8,
        }),
      }),
      'WindGustDay': dict({
        'Direction': dict({
          'Degrees': 338,
          'English': 'NNW',
          'Localized': 'NNW',
        }),
        'Speed': dict({
          'Unit': 'km/h',
          'UnitType': 7,
          'Value': 31.5,
        }),
      }),
      'WindGustNight': dict({
        'Direction': dict({
          'Degrees': 358,
          'English': 'N',
          'Localized': 'N',
        }),
        'Speed': dict({
          'Unit': 'km/h',
          'UnitType': 7,
          'Value': 27.8,
        }),
      }),
      'WindNight': dict({
        'Direction': dict({
          'Degrees': 356,
          'English': 'N',
          'Localized': 'N',
        }),
        'Speed': dict({
          'Unit': 'km/h',
          'UnitType': 7,
          'Value': 13,
        }),
      }),
    }),
    dict({
      'AirQuality': dict({
        'Category': 'good',
        'CategoryValue': 1,
        'Type': 'Ozone',
        'Value': 0,
      }),
      'CloudCoverDay': 37,
      'CloudCoverNight': 44,
      'Date': '2023-05-18T07:00:00+02:00',
      'DegreeDaySummary': dict({
        'Cooling': dict({
          'Unit': 'C',
          'UnitType': 17,
          'Value': 0,
        }),
        'Heating': dict({
          'Unit': 'C',
          'UnitType': 17,
          'Value': 7,
        }),
      }),
      'EpochDate': 1684386000,
      'EvapotranspirationDay': dict({
        'Unit': 'mm',
        'UnitType': 3,
        'Value': 2.8,
      }),
      'EvapotranspirationNight': dict({
        'Unit': 'mm',
        'UnitType': 3,
        'Value': 0.3,
      }),
      'Grass': dict({
        'Category': 'low',
        'CategoryValue': 1,
        'Value': 3,
      }),
      'HasPrecipitationDay': False,
      'HasPrecipitationNight': False,
      'HoursOfIceDay': 0,
      'HoursOfIceNight': 0,
      'HoursOfPrecipitationDay': 0,
      'HoursOfPrecipitationNight': 0,
      'HoursOfRainDay': 0,
      'HoursOfRainNight': 0,
      'HoursOfSnowDay': 0,
      'HoursOfSnowNight': 0,
      'HoursOfSun': 9.9,
      'IceDay': dict({
        'Unit': 'mm',
        'UnitType': 3,
        'Value': 0,
      }),
      'IceNight': dict({
        'Unit': 'mm',
        'UnitType': 3,
        'Value': 0,
      }),
      'IceProbabilityDay': 0,
      'IceProbabilityNight': 0,
      'IconDay': 3,
      'IconNight': 34,
      'IconPhraseDay': 'partly sunny',
      'IconPhraseNight': 'mostly clear',
      'LongPhraseDay': 'Partial sunshine',
      'LongPhraseNight': 'Mainly clear',
      'Mold': dict({
        'Category': 'low',
        'CategoryValue': 1,
        'Value': 300,
      }),
      'PrecipitationProbabilityDay': 0,
      'PrecipitationProbabilityNight': 0,
      'Ragweed': dict({
        'Category': 'low',
        'CategoryValue': 1,
        'Value': 0,
      }),
      'RainDay': dict({
        'Unit': 'mm',
        'UnitType': 3,
        'Value': 0,
      }),
      'RainNight': dict({
        'Unit': 'mm',
        'UnitType': 3,
        'Value': 0,
      }),
      'RainProbabilityDay': 0,
      'RainProbabilityNight': 0,
      'RealFeelTemperatureMax': dict({
        'Phrase': 'Pleasant',
        'Unit': 'C',
        'UnitType': 17,
        'Value': 17,
      }),
      'RealFeelTemperatureMin': dict({
        'Phrase': 'Chilly',
        'Unit': 'C',
        'UnitType': 17,
        'Value': 5.4,
      }),
      'RealFeelTemperatureShadeMax': dict({
        'Phrase': 'Cool',
        'Unit': 'C',
        'UnitType': 17,
        'Value': 12.5,
      }),
      'RealFeelTemperatureShadeMin': dict({
        'Phrase': 'Chilly',
        'Unit': 'C',
        'UnitType': 17,
        'Value': 5.4,
      }),
      'ShortPhraseDay': 'Partial sunshine',
      'ShortPhraseNight': 'Mainly clear',
      'SnowDay': dict({
        'Unit': 'cm',
        'UnitType': 4,
        'Value': 0,
      }),
      'SnowNight': dict({
        'Unit': 'cm',
        'UnitType': 4,
        'Value': 0,
      }),
      'SnowProbabilityDay': 0,
      'SnowProbabilityNight': 0,
      'SolarIrradianceDay': dict({
        'Unit': 'W/m²',
        'UnitType': 33,
        'Value': 7893.4,
      }),
      'SolarIrradianceNight': dict({
        'Unit': 'W/m²',
        'UnitType': 33,
        'Value': 524.5,
      }),
      'TemperatureMax': dict({
        'Unit': 'C',
        'UnitType': 17,
        'Value': 14.8,
      }),
      'TemperatureMin': dict({
        'Unit': 'C',
        'UnitType': 17,
        'Value': 6.8,
      }),
      'ThunderstormProbabilityDay': 0,
      'ThunderstormProbabilityNight': 0,
      'TotalLiquidDay': dict({
        'Unit': 'mm',
        'UnitType': 3,
        'Value': 0,
      }),
      'TotalLiquidNight': dict({
        'Unit': 'mm',
        'UnitType': 3,
        'Value': 0,
      }),
      'Tree': dict({
        'Category': 'moderate',
        'CategoryValue': 2,
        'Value': 27,
      }),
      'UVIndex': dict({
        'Category': 'high',
        'CategoryValue': 3,
        'Value': 7,
      }),
      'WindDay': dict({
        'Direction': dict({
          'Degrees': 55,
          'English': 'NE',
          'Localized': 'NE',
        }),
        'Speed': dict({
          'Unit': 'km/h',
          'UnitType': 7,
          'Value': 14.8,
        }),
      }),
      'WindGustDay': dict({
        'Direction': dict({
          'Degrees': 76,
          'English': 'ENE',
          'Localized': 'ENE',
        }),
        'Speed': dict({
          'Unit': 'km/h',
          'UnitType': 7,
          'Value': 31.5,
        }),
      }),
      'WindGustNight': dict({
        'Direction': dict({
          'Degrees': 49,
          'English': 'NE',
          'Localized': 'NE',
        }),
        'Speed': dict({
          'Unit': 'km/h',
          'UnitType': 7,
          'Value': 20.4,
        }),
      }),
      'WindNight': dict({
        'Direction': dict({
          'Degrees': 1,
          'English': 'N',
          'Localized': 'N',
        }),
        'Speed': dict({
          'Unit': 'km/h',
          'UnitType': 7,
          'Value': 9.3,
        }),
      }),
    }),
    dict({
      'AirQuality': dict({
        'Category': 'good',
        'CategoryValue': 1,
        'Type': 'Ozone',
        'Value': 0,
      }),
      'CloudCoverDay': 76,
      'CloudCoverNight': 0,
      'Date': '2023-05-19T07:00:00+02:00',
      'DegreeDaySummary': dict({
        'Cooling': dict({
          'Unit': 'C',
          'UnitType': 17,
          'Value': 0,
        }),
        'Heating': dict({
          'Unit': 'C',
          'UnitType': 17,
          'Value': 6,
        }),
      }),
      'EpochDate': 1684472400,
      'EvapotranspirationDay': dict({
        'Unit': 'mm',
        'UnitType': 3,
        'Value': 2.3,
      }),
      'EvapotranspirationNight': dict({
        'Unit': 'mm',
        'UnitType': 3,
        'Value': 0.3,
      }),
      'Grass': dict({
        'Category': 'low',
        'CategoryValue': 1,
        'Value': 3,
      }),
      'HasPrecipitationDay': False,
      'HasPrecipitationNight': False,
      'HoursOfIceDay': 0,
      'HoursOfIceNight': 0,
      'HoursOfPrecipitationDay': 0,
      'HoursOfPrecipitationNight': 0,
      'HoursOfRainDay': 0,
      'HoursOfRainNight': 0,
      'HoursOfSnowDay': 0,
      'HoursOfSnowNight': 0,
      'HoursOfSun': 6.8,
      'IceDay': dict({
        'Unit': 'mm',
        'UnitType': 3,
        'Value': 0,
      }),
      'IceNight': dict({
        'Unit': 'mm',
        'UnitType': 3,
        'Value': 0,
      }),
      'IceProbabilityDay': 0,
      'IceProbabilityNight': 0,
      'IconDay': 6,
      'IconNight': 33,
      'IconPhraseDay': 'mostly cloudy',
      'IconPhraseNight': 'clear',
      'LongPhraseDay': 'Mostly cloudy',
      'LongPhraseNight': 'Clear',
      'Mold': dict({
        'Category': 'low',
        'CategoryValue': 1,
        'Value': 330,
      }),
      'PrecipitationProbabilityDay': 1,
      'PrecipitationProbabilityNight': 0,
      'Ragweed': dict({
        'Category': 'low',
        'CategoryValue': 1,
        'Value': 0,
      }),
      'RainDay': dict({
        'Unit': 'mm',
        'UnitType': 3,
        'Value': 0,
      }),
      'RainNight': dict({
        'Unit': 'mm',
        'UnitType': 3,
        'Value': 0,
      }),
      'RainProbabilityDay': 1,
      'RainProbabilityNight': 0,
      'RealFeelTemperatureMax': dict({
        'Phrase': 'Pleasant',
        'Unit': 'C',
        'UnitType': 17,
        'Value': 18.9,
      }),
      'RealFeelTemperatureMin': dict({
        'Phrase': 'Chilly',
        'Unit': 'C',
        'UnitType': 17,
        'Value': 6.4,
      }),
      'RealFeelTemperatureShadeMax': dict({
        'Phrase': 'Cool',
        'Unit': 'C',
        'UnitType': 17,
        'Value': 16,
      }),
      'RealFeelTemperatureShadeMin': dict({
        'Phrase': 'Chilly',
        'Unit': 'C',
        'UnitType': 17,
        'Value': 6.4,
      }),
      'ShortPhraseDay': 'Mostly cloudy',
      'ShortPhraseNight': 'Clear',
      'SnowDay': dict({
        'Unit': 'cm',
        'UnitType': 4,
        'Value': 0,
      }),
      'SnowNight': dict({
        'Unit': 'cm',
        'UnitType': 4,
        'Value': 0,
      }),
      'SnowProbabilityDay': 0,
      'SnowProbabilityNight': 0,
      'SolarIrradianceDay': dict({
        'Unit': 'W/m²',
        'UnitType': 33,
        'Value': 5185.1,
      }),
      'SolarIrradianceNight': dict({
        'Unit': 'W/m²',
        'UnitType': 33,
        'Value': 550.7,
      }),
      'TemperatureMax': dict({
        'Unit': 'C',
        'UnitType': 17,
        'Value': 16.9,
      }),
      'TemperatureMin': dict({
        'Unit': 'C',
        'UnitType': 17,
        'Value': 7.3,
      }),
      'ThunderstormProbabilityDay': 0,
      'ThunderstormProbabilityNight': 0,
      'TotalLiquidDay': dict({
        'Unit': 'mm',
        'UnitType': 3,
        'Value': 0,
      }),
      'TotalLiquidNight': dict({
        'Unit': 'mm',
        'UnitType': 3,
        'Value': 0,
      }),
      'Tree': dict({
        'Category': 'moderate',
        'CategoryValue': 2,
        'Value': 34,
      }),
      'UVIndex': dict({
        'Category': 'moderate',
        'CategoryValue': 2,
        'Value': 5,
      }),
      'WindDay': dict({
        'Direction': dict({
          'Degrees': 344,
          'English': 'NNW',
          'Localized': 'NNW',
        }),
        'Speed': dict({
          'Unit': 'km/h',
          'UnitType': 7,
          'Value': 9.3,
        }),
      }),
      'WindGustDay': dict({
        'Direction': dict({
          'Degrees': 305,
          'English': 'NW',
          'Localized': 'NW',
        }),
        'Speed': dict({
          'Unit': 'km/h',
          'UnitType': 7,
          'Value': 22.2,
        }),
      }),
      'WindGustNight': dict({
        'Direction': dict({
          'Degrees': 11,
          'English': 'N',
          'Localized': 'N',
        }),
        'Speed': dict({
          'Unit': 'km/h',
          'UnitType': 7,
          'Value': 16.7,
        }),
      }),
      'WindNight': dict({
        'Direction': dict({
          'Degrees': 25,
          'English': 'NNE',
          'Localized': 'NNE',
        }),
        'Speed': dict({
          'Unit': 'km/h',
          'UnitType': 7,
          'Value': 7.4,
        }),
      }),
    }),
  ])
# ---
# name: test_get_hourly_forecast
  list([
    dict({
      'Ceiling': dict({
        'Unit': 'm',
        'UnitType': 5,
        'Value': 488,
      }),
      'CloudCover': 94,
      'DateTime': '2023-05-15t13:00:00+02:00',
      'DewPoint': dict({
        'Unit': 'C',
        'UnitType': 17,
        'Value': 11.2,
      }),
      'EpochDateTime': 1684148400,
      'Evapotranspiration': dict({
        'Unit': 'mm',
        'UnitType': 3,
        'Value': 0.3,
      }),
      'HasPrecipitation': True,
      'Ice': dict({
        'Unit': 'mm',
        'UnitType': 3,
        'Value': 0,
      }),
      'IceProbability': 0,
      'IconPhrase': 'rain',
      'IndoorRelativeHumidity': 57,
      'IsDaylight': True,
      'PrecipitationIntensity': 'light',
      'PrecipitationProbability': 65,
      'PrecipitationType': 'rain',
      'Rain': dict({
        'Unit': 'mm',
        'UnitType': 3,
        'Value': 1.1,
      }),
      'RainProbability': 65,
      'RealFeelTemperature': dict({
        'Phrase': 'Cool',
        'Unit': 'C',
        'UnitType': 17,
        'Value': 12.4,
      }),
      'RealFeelTemperatureShade': dict({
        'Phrase': 'Cool',
        'Unit': 'C',
        'UnitType': 17,
        'Value': 11,
      }),
      'RelativeHumidity': 80,
      'Snow': dict({
        'Unit': 'cm',
        'UnitType': 4,
        'Value': 0,
      }),
      'SnowProbability': 0,
      'SolarIrradiance': dict({
        'Unit': 'W/m²',
        'UnitType': 33,
        'Value': 210,
      }),
      'Temperature': dict({
        'Unit': 'C',
        'UnitType': 17,
        'Value': 14.7,
      }),
      'ThunderstormProbability': 3,
      'TotalLiquid': dict({
        'Unit': 'mm',
        'UnitType': 3,
        'Value': 1.1,
      }),
      'UVIndex': 2,
      'UVIndexText': 'low',
      'Visibility': dict({
        'Unit': 'km',
        'UnitType': 6,
        'Value': 9.7,
      }),
      'WeatherIcon': 18,
      'WetBulbTemperature': dict({
        'Unit': 'C',
        'UnitType': 17,
        'Value': 12.9,
      }),
      'Wind': dict({
        'Direction': dict({
          'Degrees': 95,
          'English': 'E',
          'Localized': 'E',
        }),
        'Speed': dict({
          'Unit': 'km/h',
          'UnitType': 7,
          'Value': 14.8,
        }),
      }),
      'WindGust': dict({
        'Speed': dict({
          'Unit': 'km/h',
          'UnitType': 7,
          'Value': 25.9,
        }),
      }),
    }),
    dict({
      'Ceiling': dict({
        'Unit': 'm',
        'UnitType': 5,
        'Value': 1890,
      }),
      'CloudCover': 94,
      'DateTime': '2023-05-15t14:00:00+02:00',
      'DewPoint': dict({
        'Unit': 'C',
        'UnitType': 17,
        'Value': 11.4,
      }),
      'EpochDateTime': 1684152000,
      'Evapotranspiration': dict({
        'Unit': 'mm',
        'UnitType': 3,
        'Value': 0.3,
      }),
      'HasPrecipitation': True,
      'Ice': dict({
        'Unit': 'mm',
        'UnitType': 3,
        'Value': 0,
      }),
      'IceProbability': 0,
      'IconPhrase': 'rain',
      'IndoorRelativeHumidity': 57,
      'IsDaylight': True,
      'PrecipitationIntensity': 'light',
      'PrecipitationProbability': 66,
      'PrecipitationType': 'rain',
      'Rain': dict({
        'Unit': 'mm',
        'UnitType': 3,
        'Value': 1.2,
      }),
      'RainProbability': 66,
      'RealFeelTemperature': dict({
        'Phrase': 'Cool',
        'Unit': 'C',
        'UnitType': 17,
        'Value': 12.9,
      }),
      'RealFeelTemperatureShade': dict({
        'Phrase': 'Cool',
        'Unit': 'C',
        'UnitType': 17,
        'Value': 11.5,
      }),
      'RelativeHumidity': 78,
      'Snow': dict({
        'Unit': 'cm',
        'UnitType': 4,
        'Value': 0,
      }),
      'SnowProbability': 0,
      'SolarIrradiance': dict({
        'Unit': 'W/m²',
        'UnitType': 33,
        'Value': 205,
      }),
      'Temperature': dict({
        'Unit': 'C',
        'UnitType': 17,
        'Value': 15.1,
      }),
      'ThunderstormProbability': 7,
      'TotalLiquid': dict({
        'Unit': 'mm',
        'UnitType': 3,
        'Value': 1.2,
      }),
      'UVIndex': 2,
      'UVIndexText': 'low',
      'Visibility': dict({
        'Unit': 'km',
        'UnitType': 6,
        'Value': 9.7,
      }),
      'WeatherIcon': 18,
      'WetBulbTemperature': dict({
        'Unit': 'C',
        'UnitType': 17,
        'Value': 13.1,
      }),
      'Wind': dict({
        'Direction': dict({
          'Degrees': 102,
          'English': 'ESE',
          'Localized': 'ESE',
        }),
        'Speed': dict({
          'Unit': 'km/h',
          'UnitType': 7,
          'Value': 14.8,
        }),
      }),
      'WindGust': dict({
        'Speed': dict({
          'Unit': 'km/h',
          'UnitType': 7,
          'Value': 27.8,
        }),
      }),
    }),
    dict({
      'Ceiling': dict({
        'Unit': 'm',
        'UnitType': 5,
        'Value': 488,
      }),
      'CloudCover': 94,
      'DateTime': '2023-05-15t15:00:00+02:00',
      'DewPoint': dict({
        'Unit': 'C',
        'UnitType': 17,
        'Value': 11.7,
      }),
      'EpochDateTime': 1684155600,
      'Evapotranspiration': dict({
        'Unit': 'mm',
        'UnitType': 3,
        'Value': 0.3,
      }),
      'HasPrecipitation': False,
      'Ice': dict({
        'Unit': 'mm',
        'UnitType': 3,
        'Value': 0,
      }),
      'IceProbability': 0,
      'IconPhrase': 'cloudy',
      'IndoorRelativeHumidity': 58,
      'IsDaylight': True,
      'PrecipitationProbability': 49,
      'Rain': dict({
        'Unit': 'mm',
        'UnitType': 3,
        'Value': 0,
      }),
      'RainProbability': 49,
      'RealFeelTemperature': dict({
        'Phrase': 'Cool',
        'Unit': 'C',
        'UnitType': 17,
        'Value': 14.2,
      }),
      'RealFeelTemperatureShade': dict({
        'Phrase': 'Cool',
        'Unit': 'C',
        'UnitType': 17,
        'Value': 13.2,
      }),
      'RelativeHumidity': 78,
      'Snow': dict({
        'Unit': 'cm',
        'UnitType': 4,
        'Value': 0,
      }),
      'SnowProbability': 0,
      'SolarIrradiance': dict({
        'Unit': 'W/m²',
        'UnitType': 33,
        'Value': 190.4,
      }),
      'Temperature': dict({
        'Unit': 'C',
        'UnitType': 17,
        'Value': 15.5,
      }),
      'ThunderstormProbability': 5,
      'TotalLiquid': dict({
        'Unit': 'mm',
        'UnitType': 3,
        'Value': 0,
      }),
      'UVIndex': 1,
      'UVIndexText': 'low',
      'Visibility': dict({
        'Unit': 'km',
        'UnitType': 6,
        'Value': 16.1,
      }),
      'WeatherIcon': 7,
      'WetBulbTemperature': dict({
        'Unit': 'C',
        'UnitType': 17,
        'Value': 13.4,
      }),
      'Wind': dict({
        'Direction': dict({
          'Degrees': 128,
          'English': 'SE',
          'Localized': 'SE',
        }),
        'Speed': dict({
          'Unit': 'km/h',
          'UnitType': 7,
          'Value': 16.7,
        }),
      }),
      'WindGust': dict({
        'Speed': dict({
          'Unit': 'km/h',
          'UnitType': 7,
          'Value': 31.5,
        }),
      }),
    }),
    dict({
      'Ceiling': dict({
        'Unit': 'm',
        'UnitType': 5,
        'Value': 488,
      }),
      'CloudCover': 94,
      'DateTime': '2023-05-15t16:00:00+02:00',
      'DewPoint': dict({
        'Unit': 'C',
        'UnitType': 17,
        'Value': 12,
      }),
      'EpochDateTime': 1684159200,
      'Evapotranspiration': dict({
        'Unit': 'mm',
        'UnitType': 3,
        'Value': 0.3,
      }),
      'HasPrecipitation': True,
      'Ice': dict({
        'Unit': 'mm',
        'UnitType': 3,
        'Value': 0,
      }),
      'IceProbability': 0,
      'IconPhrase': 'rain',
      'IndoorRelativeHumidity': 60,
      'IsDaylight': True,
      'PrecipitationIntensity': 'light',
      'PrecipitationProbability': 66,
      'PrecipitationType': 'rain',
      'Rain': dict({
        'Unit': 'mm',
        'UnitType': 3,
        'Value': 1.2,
      }),
      'RainProbability': 66,
      'RealFeelTemperature': dict({
        'Phrase': 'Cool',
        'Unit': 'C',
        'UnitType': 17,
        'Value': 12.3,
      }),
      'RealFeelTemperatureShade': dict({
        'Phrase': 'Cool',
        'Unit': 'C',
        'UnitType': 17,
        'Value': 11.6,
      }),
      'RelativeHumidity': 78,
      'Snow': dict({
        'Unit': 'cm',
        'UnitType': 4,
        'Value': 0,
      }),
      'SnowProbability': 0,
      'SolarIrradiance': dict({
        'Unit': 'W/m²',
        'UnitType': 33,
        'Value': 167.2,
      }),
      'Temperature': dict({
        'Unit': 'C',
        'UnitType': 17,
        'Value': 15.9,
      }),
      'ThunderstormProbability': 7,
      'TotalLiquid': dict({
        'Unit': 'mm',
        'UnitType': 3,
        'Value': 1.2,
      }),
      'UVIndex': 1,
      'UVIndexText': 'low',
      'Visibility': dict({
        'Unit': 'km',
        'UnitType': 6,
        'Value': 9.7,
      }),
      'WeatherIcon': 18,
      'WetBulbTemperature': dict({
        'Unit': 'C',
        'UnitType': 17,
        'Value': 13.8,
      }),
      'Wind': dict({
        'Direction': dict({
          'Degrees': 165,
          'English': 'SSE',
          'Localized': 'SSE',
        }),
        'Speed': dict({
          'Unit': 'km/h',
          'UnitType': 7,
          'Value': 20.4,
        }),
      }),
      'WindGust': dict({
        'Speed': dict({
          'Unit': 'km/h',
          'UnitType': 7,
          'Value': 33.3,
        }),
      }),
    }),
    dict({
      'Ceiling': dict({
        'Unit': 'm',
        'UnitType': 5,
        'Value': 488,
      }),
      'CloudCover': 94,
      'DateTime': '2023-05-15t17:00:00+02:00',
      'DewPoint': dict({
        'Unit': 'C',
        'UnitType': 17,
        'Value': 12.2,
      }),
      'EpochDateTime': 1684162800,
      'Evapotranspiration': dict({
        'Unit': 'mm',
        'UnitType': 3,
        'Value': 0.3,
      }),
      'HasPrecipitation': True,
      'Ice': dict({
        'Unit': 'mm',
        'UnitType': 3,
        'Value': 0,
      }),
      'IceProbability': 0,
      'IconPhrase': 'rain',
      'IndoorRelativeHumidity': 60,
      'IsDaylight': True,
      'PrecipitationIntensity': 'light',
      'PrecipitationProbability': 63,
      'PrecipitationType': 'rain',
      'Rain': dict({
        'Unit': 'mm',
        'UnitType': 3,
        'Value': 1.2,
      }),
      'RainProbability': 63,
      'RealFeelTemperature': dict({
        'Phrase': 'Cool',
        'Unit': 'C',
        'UnitType': 17,
        'Value': 12.3,
      }),
      'RealFeelTemperatureShade': dict({
        'Phrase': 'Cool',
        'Unit': 'C',
        'UnitType': 17,
        'Value': 11.8,
      }),
      'RelativeHumidity': 77,
      'Snow': dict({
        'Unit': 'cm',
        'UnitType': 4,
        'Value': 0,
      }),
      'SnowProbability': 0,
      'SolarIrradiance': dict({
        'Unit': 'W/m²',
        'UnitType': 33,
        'Value': 136.9,
      }),
      'Temperature': dict({
        'Unit': 'C',
        'UnitType': 17,
        'Value': 16.2,
      }),
      'ThunderstormProbability': 7,
      'TotalLiquid': dict({
        'Unit': 'mm',
        'UnitType': 3,
        'Value': 1.2,
      }),
      'UVIndex': 1,
      'UVIndexText': 'low',
      'Visibility': dict({
        'Unit': 'km',
        'UnitType': 6,
        'Value': 9.7,
      }),
      'WeatherIcon': 18,
      'WetBulbTemperature': dict({
        'Unit': 'C',
        'UnitType': 17,
        'Value': 14,
      }),
      'Wind': dict({
        'Direction': dict({
          'Degrees': 186,
          'English': 'S',
          'Localized': 'S',
        }),
        'Speed': dict({
          'Unit': 'km/h',
          'UnitType': 7,
          'Value': 22.2,
        }),
      }),
      'WindGust': dict({
        'Speed': dict({
          'Unit': 'km/h',
          'UnitType': 7,
          'Value': 35.2,
        }),
      }),
    }),
    dict({
      'Ceiling': dict({
        'Unit': 'm',
        'UnitType': 5,
        'Value': 488,
      }),
      'CloudCover': 84,
      'DateTime': '2023-05-15t18:00:00+02:00',
      'DewPoint': dict({
        'Unit': 'C',
        'UnitType': 17,
        'Value': 12.2,
      }),
      'EpochDateTime': 1684166400,
      'Evapotranspiration': dict({
        'Unit': 'mm',
        'UnitType': 3,
        'Value': 0,
      }),
      'HasPrecipitation': True,
      'Ice': dict({
        'Unit': 'mm',
        'UnitType': 3,
        'Value': 0,
      }),
      'IceProbability': 0,
      'IconPhrase': 'rain',
      'IndoorRelativeHumidity': 60,
      'IsDaylight': True,
      'PrecipitationIntensity': 'light',
      'PrecipitationProbability': 63,
      'PrecipitationType': 'rain',
      'Rain': dict({
        'Unit': 'mm',
        'UnitType': 3,
        'Value': 1.2,
      }),
      'RainProbability': 63,
      'RealFeelTemperature': dict({
        'Phrase': 'Cool',
        'Unit': 'C',
        'UnitType': 17,
        'Value': 11.4,
      }),
      'RealFeelTemperatureShade': dict({
        'Phrase': 'Cool',
        'Unit': 'C',
        'UnitType': 17,
        'Value': 11,
      }),
      'RelativeHumidity': 80,
      'Snow': dict({
        'Unit': 'cm',
        'UnitType': 4,
        'Value': 0,
      }),
      'SnowProbability': 0,
      'SolarIrradiance': dict({
        'Unit': 'W/m²',
        'UnitType': 33,
        'Value': 209.6,
      }),
      'Temperature': dict({
        'Unit': 'C',
        'UnitType': 17,
        'Value': 15.5,
      }),
      'ThunderstormProbability': 7,
      'TotalLiquid': dict({
        'Unit': 'mm',
        'UnitType': 3,
        'Value': 1.2,
      }),
      'UVIndex': 1,
      'UVIndexText': 'low',
      'Visibility': dict({
        'Unit': 'km',
        'UnitType': 6,
        'Value': 9.7,
      }),
      'WeatherIcon': 18,
      'WetBulbTemperature': dict({
        'Unit': 'C',
        'UnitType': 17,
        'Value': 13.7,
      }),
      'Wind': dict({
        'Direction': dict({
          'Degrees': 191,
          'English': 'S',
          'Localized': 'S',
        }),
        'Speed': dict({
          'Unit': 'km/h',
          'UnitType': 7,
          'Value': 22.2,
        }),
      }),
      'WindGust': dict({
        'Speed': dict({
          'Unit': 'km/h',
          'UnitType': 7,
          'Value': 31.5,
        }),
      }),
    }),
    dict({
      'Ceiling': dict({
        'Unit': 'm',
        'UnitType': 5,
        'Value': 9144,
      }),
      'CloudCover': 76,
      'DateTime': '2023-05-15t19:00:00+02:00',
      'DewPoint': dict({
        'Unit': 'C',
        'UnitType': 17,
        'Value': 11.9,
      }),
      'EpochDateTime': 1684170000,
      'Evapotranspiration': dict({
        'Unit': 'mm',
        'UnitType': 3,
        'Value': 0,
      }),
      'HasPrecipitation': False,
      'Ice': dict({
        'Unit': 'mm',
        'UnitType': 3,
        'Value': 0,
      }),
      'IceProbability': 0,
      'IconPhrase': 'mostly cloudy',
      'IndoorRelativeHumidity': 60,
      'IsDaylight': True,
      'PrecipitationProbability': 49,
      'Rain': dict({
        'Unit': 'mm',
        'UnitType': 3,
        'Value': 0,
      }),
      'RainProbability': 49,
      'RealFeelTemperature': dict({
        'Phrase': 'Cool',
        'Unit': 'C',
        'UnitType': 17,
        'Value': 12,
      }),
      'RealFeelTemperatureShade': dict({
        'Phrase': 'Cool',
        'Unit': 'C',
        'UnitType': 17,
        'Value': 11.3,
      }),
      'RelativeHumidity': 85,
      'Snow': dict({
        'Unit': 'cm',
        'UnitType': 4,
        'Value': 0,
      }),
      'SnowProbability': 0,
      'SolarIrradiance': dict({
        'Unit': 'W/m²',
        'UnitType': 33,
        'Value': 173.6,
      }),
      'Temperature': dict({
        'Unit': 'C',
        'UnitType': 17,
        'Value': 14.4,
      }),
      'ThunderstormProbability': 5,
      'TotalLiquid': dict({
        'Unit': 'mm',
        'UnitType': 3,
        'Value': 0,
      }),
      'UVIndex': 1,
      'UVIndexText': 'low',
      'Visibility': dict({
        'Unit': 'km',
        'UnitType': 6,
        'Value': 16.1,
      }),
      'WeatherIcon': 6,
      'WetBulbTemperature': dict({
        'Unit': 'C',
        'UnitType': 17,
        'Value': 13.1,
      }),
      'Wind': dict({
        'Direction': dict({
          'Degrees': 195,
          'English': 'SSW',
          'Localized': 'SSW',
        }),
        'Speed': dict({
          'Unit': 'km/h',
          'UnitType': 7,
          'Value': 22.2,
        }),
      }),
      'WindGust': dict({
        'Speed': dict({
          'Unit': 'km/h',
          'UnitType': 7,
          'Value': 29.6,
        }),
      }),
    }),
    dict({
      'Ceiling': dict({
        'Unit': 'm',
        'UnitType': 5,
        'Value': 9144,
      }),
      'CloudCover': 45,
      'DateTime': '2023-05-15t20:00:00+02:00',
      'DewPoint': dict({
        'Unit': 'C',
        'UnitType': 17,
        'Value': 11.6,
      }),
      'EpochDateTime': 1684173600,
      'Evapotranspiration': dict({
        'Unit': 'mm',
        'UnitType': 3,
        'Value': 0,
      }),
      'HasPrecipitation': False,
      'Ice': dict({
        'Unit': 'mm',
        'UnitType': 3,
        'Value': 0,
      }),
      'IceProbability': 0,
      'IconPhrase': 'partly sunny',
      'IndoorRelativeHumidity': 58,
      'IsDaylight': True,
      'PrecipitationProbability': 49,
      'Rain': dict({
        'Unit': 'mm',
        'UnitType': 3,
        'Value': 0,
      }),
      'RainProbability': 49,
      'RealFeelTemperature': dict({
        'Phrase': 'Chilly',
        'Unit': 'C',
        'UnitType': 17,
        'Value': 10.3,
      }),
      'RealFeelTemperatureShade': dict({
        'Phrase': 'Chilly',
        'Unit': 'C',
        'UnitType': 17,
        'Value': 9.9,
      }),
      'RelativeHumidity': 89,
      'Snow': dict({
        'Unit': 'cm',
        'UnitType': 4,
        'Value': 0,
      }),
      'SnowProbability': 0,
      'SolarIrradiance': dict({
        'Unit': 'W/m²',
        'UnitType': 33,
        'Value': 105.8,
      }),
      'Temperature': dict({
        'Unit': 'C',
        'UnitType': 17,
        'Value': 13.4,
      }),
      'ThunderstormProbability': 9,
      'TotalLiquid': dict({
        'Unit': 'mm',
        'UnitType': 3,
        'Value': 0,
      }),
      'UVIndex': 1,
      'UVIndexText': 'low',
      'Visibility': dict({
        'Unit': 'km',
        'UnitType': 6,
        'Value': 16.1,
      }),
      'WeatherIcon': 3,
      'WetBulbTemperature': dict({
        'Unit': 'C',
        'UnitType': 17,
        'Value': 12.4,
      }),
      'Wind': dict({
        'Direction': dict({
          'Degrees': 199,
          'English': 'SSW',
          'Localized': 'SSW',
        }),
        'Speed': dict({
          'Unit': 'km/h',
          'UnitType': 7,
          'Value': 22.2,
        }),
      }),
      'WindGust': dict({
        'Speed': dict({
          'Unit': 'km/h',
          'UnitType': 7,
          'Value': 31.5,
        }),
      }),
    }),
    dict({
      'Ceiling': dict({
        'Unit': 'm',
        'UnitType': 5,
        'Value': 9144,
      }),
      'CloudCover': 45,
      'DateTime': '2023-05-15t21:00:00+02:00',
      'DewPoint': dict({
        'Unit': 'C',
        'UnitType': 17,
        'Value': 11.5,
      }),
      'EpochDateTime': 1684177200,
      'Evapotranspiration': dict({
        'Unit': 'mm',
        'UnitType': 3,
        'Value': 0,
      }),
      'HasPrecipitation': True,
      'Ice': dict({
        'Unit': 'mm',
        'UnitType': 3,
        'Value': 0,
      }),
      'IceProbability': 0,
      'IconPhrase': 'partly cloudy w/ showers',
      'IndoorRelativeHumidity': 58,
      'IsDaylight': False,
      'PrecipitationIntensity': 'light',
      'PrecipitationProbability': 56,
      'PrecipitationType': 'rain',
      'Rain': dict({
        'Unit': 'mm',
        'UnitType': 3,
        'Value': 1,
      }),
      'RainProbability': 56,
      'RealFeelTemperature': dict({
        'Phrase': 'Chilly',
        'Unit': 'C',
        'UnitType': 17,
        'Value': 8.5,
      }),
      'RealFeelTemperatureShade': dict({
        'Phrase': 'Chilly',
        'Unit': 'C',
        'UnitType': 17,
        'Value': 8.5,
      }),
      'RelativeHumidity': 88,
      'Snow': dict({
        'Unit': 'cm',
        'UnitType': 4,
        'Value': 0,
      }),
      'SnowProbability': 0,
      'SolarIrradiance': dict({
        'Unit': 'W/m²',
        'UnitType': 33,
        'Value': 0,
      }),
      'Temperature': dict({
        'Unit': 'C',
        'UnitType': 17,
        'Value': 13.4,
      }),
      'ThunderstormProbability': 11,
      'TotalLiquid': dict({
        'Unit': 'mm',
        'UnitType': 3,
        'Value': 1,
      }),
      'UVIndex': 0,
      'UVIndexText': 'low',
      'Visibility': dict({
        'Unit': 'km',
        'UnitType': 6,
        'Value': 9.7,
      }),
      'WeatherIcon': 39,
      'WetBulbTemperature': dict({
        'Unit': 'C',
        'UnitType': 17,
        'Value': 12.4,
      }),
      'Wind': dict({
        'Direction': dict({
          'Degrees': 203,
          'English': 'SSW',
          'Localized': 'SSW',
        }),
        'Speed': dict({
          'Unit': 'km/h',
          'UnitType': 7,
          'Value': 20.4,
        }),
      }),
      'WindGust': dict({
        'Speed': dict({
          'Unit': 'km/h',
          'UnitType': 7,
          'Value': 31.5,
        }),
      }),
    }),
    dict({
      'Ceiling': dict({
        'Unit': 'm',
        'UnitType': 5,
        'Value': 488,
      }),
      'CloudCover': 45,
      'DateTime': '2023-05-15t22:00:00+02:00',
      'DewPoint': dict({
        'Unit': 'C',
        'UnitType': 17,
        'Value': 11.2,
      }),
      'EpochDateTime': 1684180800,
      'Evapotranspiration': dict({
        'Unit': 'mm',
        'UnitType': 3,
        'Value': 0,
      }),
      'HasPrecipitation': False,
      'Ice': dict({
        'Unit': 'mm',
        'UnitType': 3,
        'Value': 0,
      }),
      'IceProbability': 0,
      'IconPhrase': 'partly cloudy',
      'IndoorRelativeHumidity': 57,
      'IsDaylight': False,
      'PrecipitationProbability': 48,
      'Rain': dict({
        'Unit': 'mm',
        'UnitType': 3,
        'Value': 0,
      }),
      'RainProbability': 48,
      'RealFeelTemperature': dict({
        'Phrase': 'Chilly',
        'Unit': 'C',
        'UnitType': 17,
        'Value': 9.6,
      }),
      'RealFeelTemperatureShade': dict({
        'Phrase': 'Chilly',
        'Unit': 'C',
        'UnitType': 17,
        'Value': 9.6,
      }),
      'RelativeHumidity': 89,
      'Snow': dict({
        'Unit': 'cm',
        'UnitType': 4,
        'Value': 0,
      }),
      'SnowProbability': 0,
      'SolarIrradiance': dict({
        'Unit': 'W/m²',
        'UnitType': 33,
        'Value': 0,
      }),
      'Temperature': dict({
        'Unit': 'C',
        'UnitType': 17,
        'Value': 13,
      }),
      'ThunderstormProbability': 9,
      'TotalLiquid': dict({
        'Unit': 'mm',
        'UnitType': 3,
        'Value': 0,
      }),
      'UVIndex': 0,
      'UVIndexText': 'low',
      'Visibility': dict({
        'Unit': 'km',
        'UnitType': 6,
        'Value': 16.1,
      }),
      'WeatherIcon': 35,
      'WetBulbTemperature': dict({
        'Unit': 'C',
        'UnitType': 17,
        'Value': 12.1,
      }),
      'Wind': dict({
        'Direction': dict({
          'Degrees': 207,
          'English': 'SSW',
          'Localized': 'SSW',
        }),
        'Speed': dict({
          'Unit': 'km/h',
          'UnitType': 7,
          'Value': 20.4,
        }),
      }),
      'WindGust': dict({
        'Speed': dict({
          'Unit': 'km/h',
          'UnitType': 7,
          'Value': 33.3,
        }),
      }),
    }),
    dict({
      'Ceiling': dict({
        'Unit': 'm',
        'UnitType': 5,
        'Value': 488,
      }),
      'CloudCover': 45,
      'DateTime': '2023-05-15t23:00:00+02:00',
      'DewPoint': dict({
        'Unit': 'C',
        'UnitType': 17,
        'Value': 11.2,
      }),
      'EpochDateTime': 1684184400,
      'Evapotranspiration': dict({
        'Unit': 'mm',
        'UnitType': 3,
        'Value': 0,
      }),
      'HasPrecipitation': True,
      'Ice': dict({
        'Unit': 'mm',
        'UnitType': 3,
        'Value': 0,
      }),
      'IceProbability': 0,
      'IconPhrase': 'partly cloudy w/ showers',
      'IndoorRelativeHumidity': 57,
      'IsDaylight': False,
      'PrecipitationIntensity': 'light',
      'PrecipitationProbability': 55,
      'PrecipitationType': 'rain',
      'Rain': dict({
        'Unit': 'mm',
        'UnitType': 3,
        'Value': 1,
      }),
      'RainProbability': 55,
      'RealFeelTemperature': dict({
        'Phrase': 'Chilly',
        'Unit': 'C',
        'UnitType': 17,
        'Value': 8,
      }),
      'RealFeelTemperatureShade': dict({
        'Phrase': 'Chilly',
        'Unit': 'C',
        'UnitType': 17,
        'Value': 8,
      }),
      'RelativeHumidity': 88,
      'Snow': dict({
        'Unit': 'cm',
        'UnitType': 4,
        'Value': 0,
      }),
      'SnowProbability': 0,
      'SolarIrradiance': dict({
        'Unit': 'W/m²',
        'UnitType': 33,
        'Value': 0,
      }),
      'Temperature': dict({
        'Unit': 'C',
        'UnitType': 17,
        'Value': 13,
      }),
      'ThunderstormProbability': 11,
      'TotalLiquid': dict({
        'Unit': 'mm',
        'UnitType': 3,
        'Value': 1,
      }),
      'UVIndex': 0,
      'UVIndexText': 'low',
      'Visibility': dict({
        'Unit': 'km',
        'UnitType': 6,
        'Value': 9.7,
      }),
      'WeatherIcon': 39,
      'WetBulbTemperature': dict({
        'Unit': 'C',
        'UnitType': 17,
        'Value': 12.1,
      }),
      'Wind': dict({
        'Direction': dict({
          'Degrees': 211,
          'English': 'SSW',
          'Localized': 'SSW',
        }),
        'Speed': dict({
          'Unit': 'km/h',
          'UnitType': 7,
          'Value': 20.4,
        }),
      }),
      'WindGust': dict({
        'Speed': dict({
          'Unit': 'km/h',
          'UnitType': 7,
          'Value': 33.3,
        }),
      }),
    }),
    dict({
      'Ceiling': dict({
        'Unit': 'm',
        'UnitType': 5,
        'Value': 488,
      }),
      'CloudCover': 45,
      'DateTime': '2023-05-16t00:00:00+02:00',
      'DewPoint': dict({
        'Unit': 'C',
        'UnitType': 17,
        'Value': 10.8,
      }),
      'EpochDateTime': 1684188000,
      'Evapotranspiration': dict({
        'Unit': 'mm',
        'UnitType': 3,
        'Value': 0,
      }),
      'HasPrecipitation': False,
      'Ice': dict({
        'Unit': 'mm',
        'UnitType': 3,
        'Value': 0,
      }),
      'IceProbability': 0,
      'IconPhrase': 'partly cloudy',
      'IndoorRelativeHumidity': 55,
      'IsDaylight': False,
      'PrecipitationProbability': 49,
      'Rain': dict({
        'Unit': 'mm',
        'UnitType': 3,
        'Value': 0,
      }),
      'RainProbability': 49,
      'RealFeelTemperature': dict({
        'Phrase': 'Chilly',
        'Unit': 'C',
        'UnitType': 17,
        'Value': 9.2,
      }),
      'RealFeelTemperatureShade': dict({
        'Phrase': 'Chilly',
        'Unit': 'C',
        'UnitType': 17,
        'Value': 9.2,
      }),
      'RelativeHumidity': 88,
      'Snow': dict({
        'Unit': 'cm',
        'UnitType': 4,
        'Value': 0,
      }),
      'SnowProbability': 0,
      'SolarIrradiance': dict({
        'Unit': 'W/m²',
        'UnitType': 33,
        'Value': 0,
      }),
      'Temperature': dict({
        'Unit': 'C',
        'UnitType': 17,
        'Value': 12.7,
      }),
      'ThunderstormProbability': 9,
      'TotalLiquid': dict({
        'Unit': 'mm',
        'UnitType': 3,
        'Value': 0,
      }),
      'UVIndex': 0,
      'UVIndexText': 'low',
      'Visibility': dict({
        'Unit': 'km',
        'UnitType': 6,
        'Value': 16.1,
      }),
      'WeatherIcon': 35,
      'WetBulbTemperature': dict({
        'Unit': 'C',
        'UnitType': 17,
        'Value': 11.8,
      }),
      'Wind': dict({
        'Direction': dict({
          'Degrees': 214,
          'English': 'SW',
          'Localized': 'SW',
        }),
        'Speed': dict({
          'Unit': 'km/h',
          'UnitType': 7,
          'Value': 20.4,
        }),
      }),
      'WindGust': dict({
        'Speed': dict({
          'Unit': 'km/h',
          'UnitType': 7,
          'Value': 33.3,
        }),
      }),
    }),
  ])
# ---
